// Jest Snapshot v1, https://goo.gl/fbAQLP

exports[`PPLayer.vue match snapshot 1`] = `
<div
  class="bottom-0 w-full bg-blue-50 border-t h-20 flex hidden"
>
  <img
    class="h-full cursor-pointer"
    src=""
  />
  <div
    class="flex flex-col h-full justify-center mx-5 text-sm w-48 cursor-pointer"
  >
    <div
      class="truncate"
    />
    <div
      class="text-xs text-gray-400 truncate"
    />
  </div>
  <div
    class="flex-1 flex flex-col justify-center"
  >
    <div
      class="w-8/12 mx-auto"
    >
      <div
        class="flex"
      >
        <p-btn-stub
          data-test="next-btn"
          disabled="true"
          icon=""
        />
        <p-btn-stub
          data-test="replay-10-btn"
          disabled="true"
          icon=""
        />
        <p-btn-stub
          class="mx-auto"
          data-test="play-btn"
          disabled="true"
          icon=""
        />
        <p-btn-stub
          data-test="quick-10-btn"
          disabled="true"
          icon=""
        />
        <p-btn-stub
          data-test="prev-btn"
          disabled="true"
          icon=""
        />
      </div>
      <div
        class="w-full flex items-center"
      >
        <span
          class="mr-3 text-gray-500 w-14 text-right text-sm"
        >
          00:00
        </span>
        <p-slider-stub
          max="0"
          value="0"
        />
        <span
          class="ml-3 w-14 text-gray-500 text-sm"
        >
          00:00
        </span>
      </div>
    </div>
  </div>
  <div
    class="w-36 flex items-center mr-5"
  >
    <svg
      class="mx-2"
      fill="#515151"
      height="32px"
      viewBox="0 0 24 24"
      width="32px"
      xmlns="http://www.w3.org/2000/svg"
    >
      <path
        d="M0 0h24v24H0V0z"
        fill="none"
      />
      <path
        d="M14 8.83v6.34L11.83 13H9v-2h2.83L14 8.83M16 4l-5 5H7v6h4l5 5V4z"
      />
    </svg>
    <p-slider-stub
      data-test="volume-slider"
      max="0"
      value="0"
    />
    <svg
      class="mx-2"
      fill="#515151"
      height="32px"
      viewBox="0 0 24 24"
      width="32px"
      xmlns="http://www.w3.org/2000/svg"
    >
      <path
        d="M0 0h24v24H0V0z"
        fill="none"
      />
      <path
        d="M3 9v6h4l5 5V4L7 9H3zm7-.17v6.34L7.83 13H5v-2h2.83L10 8.83zM16.5 12c0-1.77-1.02-3.29-2.5-4.03v8.05c1.48-.73 2.5-2.25 2.5-4.02zM14 3.23v2.06c2.89.86 5 3.54 5 6.71s-2.11 5.85-5 6.71v2.06c4.01-.91 7-4.49 7-8.77 0-4.28-2.99-7.86-7-8.77z"
      />
    </svg>
  </div>
</div>
`;
